// Jest Snapshot v1, https://goo.gl/fbAQLP

exports[`Snapshot: Write Access Policy 1`] = `
Object {
  "Resources": Object {
    "testAF53AC38": Object {
      "DeletionPolicy": "Retain",
      "Type": "AWS::S3::Bucket",
      "UpdateReplacePolicy": "Retain",
    },
    "testWriteAccess01E2B6E6": Object {
      "Properties": Object {
        "Description": "",
        "Path": "/",
        "PolicyDocument": Object {
          "Statement": Array [
            Object {
              "Action": Array [
                "s3:PutObject",
                "s3:DeleteObject",
                "s3:GetObject",
                "s3:ListBucket",
                "s3:AbortMultipartUpload",
                "s3:ListBucketMultipartUploads",
                "s3:ListMultipartUploadParts",
              ],
              "Effect": "Allow",
              "Resource": Array [
                Object {
                  "Fn::Join": Array [
                    "",
                    Array [
                      Object {
                        "Fn::GetAtt": Array [
                          "testAF53AC38",
                          "Arn",
                        ],
                      },
                      "/*",
                    ],
                  ],
                },
                Object {
                  "Fn::GetAtt": Array [
                    "testAF53AC38",
                    "Arn",
                  ],
                },
              ],
            },
          ],
          "Version": "2012-10-17",
        },
      },
      "Type": "AWS::IAM::ManagedPolicy",
    },
  },
}
`;
